{
    "gene count data (featureCounts) - rnaseq": {
        "content": [
            [
                [
                    "deseq2_obj",
                    "deseq2_obj.rds:md5,696b9f16e5c7aa340096ca84155e0b6d"
                ]
            ]
        ],
        "meta": {
            "nf-test": "0.9.2",
            "nextflow": "25.10.3"
        },
        "timestamp": "2026-02-27T11:51:11.798568"
    }
}